// Jest Snapshot v1, https://goo.gl/fbAQLP

exports[`Camera Rendering should match to snapshot 1`] = `ShallowWrapper {}`;
