// Jest Snapshot v1, https://goo.gl/fbAQLP

exports[`ActionButton Rendering should match to snapshot 1`] = `ShallowWrapper {}`;
