// Jest Snapshot v1, https://goo.gl/fbAQLP

exports[`BaseInput Rendering should match to snapshot 1`] = `ShallowWrapper {}`;
