// Jest Snapshot v1, https://goo.gl/fbAQLP

exports[`CollaboratorCard Rendering should match to snapshot 1`] = `ShallowWrapper {}`;
